2026-10-02T17:40:37+10:00
a100-b
4daf35724769c491c45f8ab909f1f802f2ce07df
Fri Oct  2 17:40:37 2026       
+-----------------------------------------------------------------------------------------+
| NVIDIA-SMI 590.48.01              Driver Version: 590.48.01      CUDA Version: 13.1     |
+-----------------------------------------+------------------------+----------------------+
| GPU  Name                 Persistence-M | Bus-Id          Disp.A | Volatile Uncorr. ECC |
| Fan  Temp   Perf          Pwr:Usage/Cap |           Memory-Usage | GPU-Util  Compute M. |
|                                         |                        |               MIG M. |
|=========================================+========================+======================|
|   0  NVIDIA A100-PCIE-40GB          Off |   00000000:0B:00.0 Off |                    0 |
| N/A   38C    P0             54W /  250W |       0MiB /  40960MiB |      0%      Default |
|                                         |                        |             Disabled |
+-----------------------------------------+------------------------+----------------------+

+-----------------------------------------------------------------------------------------+
| Processes:                                                                              |
|  GPU   GI   CI              PID   Type   Process name                        GPU Memory |
|        ID   ID                                                               Usage      |
|=========================================================================================|
|  No running processes found                                                             |
+-----------------------------------------------------------------------------------------+
nvcc: NVIDIA (R) Cuda compiler driver
Copyright (c) 2005-2023 NVIDIA Corporation
Built on Tue_Jul_11_02:20:44_PDT_2023
Cuda compilation tools, release 12.2, V12.2.128
Build cuda_12.2.r12.2/compiler.33053471_0
No Modulefiles Currently Loaded.
mkdir -p build/debug
g++ -Isrc -std=c++17 -Wall -Wextra -Wpedantic -Wconversion -Wshadow -fopenmp -O0 -g src/main.cpp src/life.cpp  -o build/debug/life
g++ -Isrc -std=c++17 -Wall -Wextra -Wpedantic -Wconversion -Wshadow -fopenmp -O0 -g tests/test_life.cpp src/life.cpp  -o build/debug/life_tests
[2026-10-02T17:40:39.449] error: *** JOB 623412 ON a100-b CANCELLED AT 2026-10-02T17:40:39 DUE to SIGNAL Terminated ***
