2026-10-02T17:31:20+10:00
a100-b
6a4afba125054b3a6a4d02b24b77df54b09e22fe
Architecture:        x86_64
CPU op-mode(s):      32-bit, 64-bit
Byte Order:          Little Endian
CPU(s):              8
On-line CPU(s) list: 0-7
Thread(s) per core:  1
Core(s) per socket:  8
Socket(s):           1
NUMA node(s):        1
Vendor ID:           AuthenticAMD
CPU family:          23
Model:               0
Model name:          AMD EPYC 7542 32-Core Processor
Stepping:            0
CPU MHz:             2894.561
BogoMIPS:            5789.12
Hypervisor vendor:   VMware
Virtualization type: full
L1d cache:           32K
L1i cache:           32K
L2 cache:            512K
L3 cache:            16384K
NUMA node0 CPU(s):   0-7
Flags:               fpu vme de pse tsc msr pae mce cx8 apic sep mtrr pge mca cmov pat pse36 clflush mmx fxsr sse sse2 ht syscall nx mmxext fxsr_opt pdpe1gb rdtscp lm constant_tsc rep_good nopl tsc_reliable nonstop_tsc cpuid extd_apicid pni pclmulqdq ssse3 fma cx16 sse4_1 sse4_2 x2apic movbe popcnt aes xsave avx f16c rdrand hypervisor lahf_lm cmp_legacy extapic cr8_legacy abm sse4a misalignsse 3dnowprefetch osvw topoext ssbd ibpb vmmcall fsgsbase bmi1 avx2 smep bmi2 rdseed adx smap clflushopt sha_ni xsaveopt xsavec xsaves clzero arat overflow_recov succor
Fri Oct  2 17:31:20 2026       
+-----------------------------------------------------------------------------------------+
| NVIDIA-SMI 590.48.01              Driver Version: 590.48.01      CUDA Version: 13.1     |
+-----------------------------------------+------------------------+----------------------+
| GPU  Name                 Persistence-M | Bus-Id          Disp.A | Volatile Uncorr. ECC |
| Fan  Temp   Perf          Pwr:Usage/Cap |           Memory-Usage | GPU-Util  Compute M. |
|                                         |                        |               MIG M. |
|=========================================+========================+======================|
|   0  NVIDIA A100-PCIE-40GB          Off |   00000000:0B:00.0 Off |                    0 |
| N/A   36C    P0             32W /  250W |       0MiB /  40960MiB |      0%      Default |
|                                         |                        |             Disabled |
+-----------------------------------------+------------------------+----------------------+

+-----------------------------------------------------------------------------------------+
| Processes:                                                                              |
|  GPU   GI   CI              PID   Type   Process name                        GPU Memory |
|        ID   ID                                                               Usage      |
|=========================================================================================|
|  No running processes found                                                             |
+-----------------------------------------------------------------------------------------+

==============NVSMI LOG==============

Timestamp                                              : Fri Oct  2 17:31:20 2026
Driver Version                                         : 590.48.01
CUDA Version                                           : 13.1

Attached GPUs                                          : 1
GPU 00000000:0B:00.0
    Product Name                                       : NVIDIA A100-PCIE-40GB
    Product Brand                                      : NVIDIA
    Product Architecture                               : Ampere
    Display Mode                                       : Requested functionality has been deprecated
    Display Attached                                   : Yes
    Display Active                                     : Disabled
    Persistence Mode                                   : Disabled
    Addressing Mode                                    : None
    MIG Mode
        Current                                        : Disabled
        Pending                                        : Disabled
    Accounting Mode                                    : Disabled
    Accounting Mode Buffer Size                        : 4000
    Driver Model
        Current                                        : N/A
        Pending                                        : N/A
    Serial Number                                      : 1323920023036
    GPU UUID                                           : GPU-4461e6bc-34c7-fc37-e0c5-bfbc717bef51
    GPU PDI                                            : 0x7eaa493b447d269a
    Minor Number                                       : 0
    VBIOS Version                                      : 92.00.25.00.08
    MultiGPU Board                                     : No
    Board ID                                           : 0xb00
    Board Part Number                                  : 900-21001-0100-030
    GPU Part Number                                    : 20F1-883-A1
    FRU Part Number                                    : N/A
    Platform Info
        Chassis Serial Number                          : N/A
        Slot Number                                    : N/A
        Tray Index                                     : N/A
        Host ID                                        : N/A
        Peer Type                                      : N/A
        Module Id                                      : 1
        GPU Fabric GUID                                : N/A
    Inforom Version
        Image Version                                  : 1001.0200.00.04
        OEM Object                                     : 2.0
        ECC Object                                     : 6.16
        Power Management Object                        : N/A
    Inforom BBX Object Flush
        Latest Timestamp                               : 2026/10/01 17:39:17.830
        Latest Duration                                : 83612 us
    GPU Operation Mode
        Current                                        : N/A
        Pending                                        : N/A
    GPU C2C Mode                                       : N/A
    GPU Virtualization Mode
        Virtualization Mode                            : Pass-Through
        Host VGPU Mode                                 : N/A
        vGPU Heterogeneous Mode                        : N/A
    GPU Recovery Action                                : None
    GSP Firmware Version                               : 590.48.01
    IBMNPU
        Relaxed Ordering Mode                          : N/A
    PCI
        Bus                                            : 0x0B
        Device                                         : 0x00
        Domain                                         : 0x0000
        Base Classcode                                 : 0x3
        Sub Classcode                                  : 0x2
        Device Id                                      : 0x20F110DE
        Bus Id                                         : 00000000:0B:00.0
        Sub System Id                                  : 0x145F10DE
        GPU Link Info
            PCIe Generation
                Max                                    : 4
                Current                                : 4
                Device Current                         : 4
                Device Max                             : 4
                Host Max                               : N/A
            Link Width
                Max                                    : 16x
                Current                                : 16x
        Bridge Chip
            Type                                       : N/A
            Firmware                                   : N/A
        Replays Since Reset                            : 0
        Replay Number Rollovers                        : 0
        Tx Throughput                                  : 292 KB/s
        Rx Throughput                                  : 292 KB/s
        Atomic Caps Outbound                           : N/A
        Atomic Caps Inbound                            : N/A
    Fan Speed                                          : N/A
    Performance State                                  : P0
    Clocks Event Reasons
        Idle                                           : Active
        Applications Clocks Setting                    : Not Active
        SW Power Cap                                   : Not Active
        HW Slowdown                                    : Not Active
            HW Thermal Slowdown                        : Not Active
            HW Power Brake Slowdown                    : Not Active
        Sync Boost                                     : Not Active
        SW Thermal Slowdown                            : Not Active
        Display Clock Setting                          : Not Active
    Clocks Event Reasons Counters
        SW Power Capping                               : 0 us
        Sync Boost                                     : 0 us
        SW Thermal Slowdown                            : 0 us
        HW Thermal Slowdown                            : 0 us
        HW Power Braking                               : 0 us
    Sparse Operation Mode                              : N/A
    FB Memory Usage
        Total                                          : 40960 MiB
        Reserved                                       : 519 MiB
        Used                                           : 0 MiB
        Free                                           : 40442 MiB
    BAR1 Memory Usage
        Total                                          : 65536 MiB
        Used                                           : 1 MiB
        Free                                           : 65535 MiB
    Conf Compute Protected Memory Usage
        Total                                          : 0 MiB
        Used                                           : 0 MiB
        Free                                           : 0 MiB
    Compute Mode                                       : Default
    Utilization
        GPU                                            : 0 %
        Memory                                         : 0 %
        Encoder                                        : 0 %
        Decoder                                        : 0 %
        JPEG                                           : 0 %
        OFA                                            : 0 %
    Encoder Stats
        Active Sessions                                : 0
        Average FPS                                    : 0
        Average Latency                                : 0
    FBC Stats
        Active Sessions                                : 0
        Average FPS                                    : 0
        Average Latency                                : 0
    DRAM Encryption Mode
        Current                                        : N/A
        Pending                                        : N/A
    ECC Mode
        Current                                        : Enabled
        Pending                                        : Enabled
    ECC Errors
        Volatile
            SRAM Correctable                           : 0
            SRAM Uncorrectable Parity                  : 0
            SRAM Uncorrectable SEC-DED                 : 0
            DRAM Correctable                           : 0
            DRAM Uncorrectable                         : 0
        Aggregate
            SRAM Correctable                           : 0
            SRAM Uncorrectable Parity                  : 0
            SRAM Uncorrectable SEC-DED                 : 0
            DRAM Correctable                           : 0
            DRAM Uncorrectable                         : 0
            SRAM Threshold Exceeded                    : No
        Aggregate Uncorrectable SRAM Sources
            SRAM L2                                    : 0
            SRAM SM                                    : 0
            SRAM Microcontroller                       : 0
            SRAM PCIE                                  : 0
            SRAM Other                                 : 0
        Channel Repair Pending                         : No
        TPC Repair Pending                             : No
        Unrepairable Memory                            : N/A
    Retired Pages
        Single Bit ECC                                 : N/A
        Double Bit ECC                                 : N/A
        Pending Page Blacklist                         : N/A
    Remapped Rows
        Correctable Error                              : 0
        Uncorrectable Error                            : 0
        Pending                                        : No
        Remapping Failure Occurred                     : No
        Bank Remap Availability Histogram
            Max                                        : 640 bank(s)
            High                                       : 0 bank(s)
            Partial                                    : 0 bank(s)
            Low                                        : 0 bank(s)
            None                                       : 0 bank(s)
    Temperature
        GPU Current Temp                               : 36 C
        GPU T.Limit Temp                               : N/A
        GPU Shutdown Temp                              : 95 C
        GPU Slowdown Temp                              : 92 C
        GPU Max Operating Temp                         : 85 C
        GPU Target Temperature                         : N/A
        Memory Current Temp                            : 36 C
        Memory Max Operating Temp                      : 95 C
    GPU Power Readings
        Average Power Draw                             : N/A
        Instantaneous Power Draw                       : 46.10 W
        Current Power Limit                            : 250.00 W
        Requested Power Limit                          : 250.00 W
        Default Power Limit                            : 250.00 W
        Min Power Limit                                : 150.00 W
        Max Power Limit                                : 250.00 W
    GPU Memory Power Readings 
        Average Power Draw                             : N/A
        Instantaneous Power Draw                       : N/A
    Module Power Readings
        Average Power Draw                             : N/A
        Instantaneous Power Draw                       : N/A
        Current Power Limit                            : N/A
        Requested Power Limit                          : N/A
        Default Power Limit                            : N/A
        Min Power Limit                                : N/A
        Max Power Limit                                : N/A
    Power Smoothing                                    : N/A
    Workload Power Profiles
        Requested Profiles                             : N/A
        Enforced Profiles                              : N/A
    EDPp Multiplier                                    : N/A
    Clocks
        Graphics                                       : 1200 MHz
        SM                                             : 1200 MHz
        Memory                                         : 1215 MHz
        Video                                          : 1080 MHz
    Applications Clocks
        Graphics                                       : Requested functionality has been deprecated
        Memory                                         : Requested functionality has been deprecated
    Default Applications Clocks
        Graphics                                       : Requested functionality has been deprecated
        Memory                                         : Requested functionality has been deprecated
    Deferred Clocks
        Memory                                         : N/A
    Max Clocks
        Graphics                                       : 1410 MHz
        SM                                             : 1410 MHz
        Memory                                         : 1215 MHz
        Video                                          : 1290 MHz
    Max Customer Boost Clocks
        Graphics                                       : 1410 MHz
    Clock Policy
        Auto Boost                                     : N/A
        Auto Boost Default                             : N/A
    Fabric
        State                                          : N/A
        Status                                         : N/A
        CliqueId                                       : N/A
        ClusterUUID                                    : N/A
        Health
            Summary                                    : N/A
            Bandwidth                                  : N/A
            Route Recovery in progress                 : N/A
            Route Unhealthy                            : N/A
            Access Timeout Recovery                    : N/A
            Incorrect Configuration                    : N/A
    Processes                                          : None
    Capabilities
        EGM                                            : disabled

/usr/local/cuda-12.2/bin/nvcc
nvcc: NVIDIA (R) Cuda compiler driver
Copyright (c) 2005-2023 NVIDIA Corporation
Built on Tue_Jul_11_02:20:44_PDT_2023
Cuda compilation tools, release 12.2, V12.2.128
Build cuda_12.2.r12.2/compiler.33053471_0
g++ (GCC) 8.5.0 20210514 (Red Hat 8.5.0-28)
Copyright (C) 2018 Free Software Foundation, Inc.
This is free software; see the source for copying conditions.  There is NO
warranty; not even for MERCHANTABILITY or FITNESS FOR A PARTICULAR PURPOSE.

No Modulefiles Currently Loaded.
------------------------ /usr/share/Modules/modulefiles ------------------------
dot  module-git  module-info  modules  null  use.own  

------------------------------- /etc/modulefiles -------------------------------
cuda/11.1  cuda/11.4  

---------------------------- /usr/share/modulefiles ----------------------------
mpi/mpich-x86_64  mpi/openmpi-x86_64  pmi/pmix-x86_64  

-------------------------- /opt/local/etc/modulefiles --------------------------
ansys/2022R2            dnnl-cpu-tbb/latest           Isabelle/2023        
arpack/3.7.0            dnnl/2023.1.0                 itac/2021.9.0        
cart3d/1.5.5            dnnl/latest                   itac/latest          
ccl/2021.9.0            dpct/2023.1.0                 java/17.0.2          
ccl/latest              dpct/latest                   java/24.0.36         
clck/2021.7.3           dpl/2022.1.0                  matlab/R2022a        
clck/latest             dpl/latest                    mkl/2023.1.0         
compiler-rt/2023.1.0    FDS/6.7.9                     mkl/latest           
compiler-rt/latest      git-lfs/3.4.1                 mkl32/2023.1.0       
compiler-rt32/2023.1.0  gocart-adjoint/2.1.1          mkl32/latest         
compiler-rt32/latest    gurobi/12.0.1                 mpi/2021.9.0         
compiler/2023.1.0       icc/2023.1.0                  mpi/latest           
compiler/latest         icc/latest                    oclfpga/2023.1.0     
compiler32/2023.1.0     icc32/2023.1.0                oclfpga/latest       
compiler32/latest       icc32/latest                  procast/20210        
cuda/12.2               init_opencl/2023.1.0          ruby-build/20230717  
dal/2023.1.0            init_opencl/latest            SMV/6.7.21           
dal/latest              inspector/2023.1.0            star-ccm+/19.06.009  
debugger/2023.1.0       inspector/latest              star-ccm+/20.04.008  
debugger/latest         intel_ipp_ia32/2021.8.0       tbb/2021.9.0         
dev-utilities/2021.9.0  intel_ipp_ia32/latest         tbb/latest           
dev-utilities/latest    intel_ipp_intel64/2021.8.0    tbb32/2021.9.0       
dnnl-cpu-gomp/2023.1.0  intel_ipp_intel64/latest      tbb32/latest         
dnnl-cpu-gomp/latest    intel_ippcp_ia32/2021.7.0     
dnnl-cpu-iomp/2023.1.0  intel_ippcp_ia32/latest       
dnnl-cpu-iomp/latest    intel_ippcp_intel64/2021.7.0  
dnnl-cpu-tbb/2023.1.0   intel_ippcp_intel64/latest    
/usr/local/cuda-12.2/bin/nsys
/usr/local/cuda-12.2/bin/ncu
/usr/local/cuda-12.2/bin/nvprof
/usr/local/cuda-12.2/bin/compute-sanitizer
device_count=1 driver_api=13010 runtime_api=12020
device=0 name=NVIDIA A100-PCIE-40GB capability=8.0 memory_bytes=42405855232 max_threads=1024 max_block=1024,1024,64 shared_per_block=49152
CUDA_VISIBLE_DEVICES=0
LOADEDMODULES=
MODULEPATH=/usr/share/Modules/modulefiles:/etc/modulefiles:/usr/share/modulefiles:/opt/local/etc/modulefiles
MODULEPATH_modshare=/usr/share/Modules/modulefiles:2:/etc/modulefiles:2:/usr/share/modulefiles:2:/opt/local/etc/modulefiles:1
SLURM_CLUSTER_NAME=rangpur
SLURM_CONF=/etc/slurm/slurm.conf
SLURM_CPUS_ON_NODE=1
SLURM_CPUS_PER_TASK=1
SLURM_GPUS_ON_NODE=1
SLURM_GTIDS=0
SLURM_JOBID=623393
SLURM_JOB_ACCOUNT=cosc3500
SLURM_JOB_CPUS_PER_NODE=1
SLURM_JOB_END_TIME=1790926400
SLURM_JOB_GID=10000
SLURM_JOB_GPUS=0
SLURM_JOB_ID=623393
SLURM_JOB_NAME=life-cuda-env
SLURM_JOB_NODELIST=a100-b
SLURM_JOB_NUM_NODES=1
SLURM_JOB_PARTITION=cosc3500
SLURM_JOB_QOS=normal
SLURM_JOB_START_TIME=1790926280
SLURM_JOB_UID=2762369
SLURM_JOB_USER=s4828704
SLURM_LOCALID=0
SLURM_NNODES=1
SLURM_NODEID=0
SLURM_NODELIST=a100-b
SLURM_NPROCS=1
SLURM_NTASKS=1
SLURM_OOM_KILL_STEP=0
SLURM_PRIO_PROCESS=0
SLURM_PROCID=0
SLURM_SCRIPT_CONTEXT=prolog_task
SLURM_SUBMIT_DIR=/home/Student/s4828704/cosc3500/milestone2/step3-cuda
SLURM_SUBMIT_HOST=login0.compute.eait.uq.edu.au
SLURM_TASKS_PER_NODE=1
SLURM_TASK_PID=644290
SLURM_TOPOLOGY_ADDR=a100-b
SLURM_TOPOLOGY_ADDR_PATTERN=node
SLURM_TRES_PER_TASK=cpu=1
