g++ -Isrc -std=c++17 -Wall -Wextra -Wpedantic -Wconversion -Wshadow -fopenmp -O0 -g src/main.cpp src/life.cpp  -o build/debug/life
g++ -Isrc -std=c++17 -Wall -Wextra -Wpedantic -Wconversion -Wshadow -fopenmp -O0 -g tests/test_life.cpp src/life.cpp  -o build/debug/life_tests
make: Nothing to be done for 'cuda'.
PASS: 6 inherited serial tests and invalid-thread API checks
PASS: persistent Lookup/Interior/Simd/Branchfree; 864 pattern and 15120 random/chunk comparisons
PASS: OpenMP threads 1/2/4; 216 per-generation pattern comparisons, 1260 random-grid comparisons, 3 smoke comparisons (every cell/count/checksum)
PASS CUDA naive/direct/shared: 5904 exact-state/count/checksum comparisons; known smoke; invalid block
completed phase=main size=512 generations=4096 rep=0
completed phase=main size=512 generations=4096 rep=1
completed phase=main size=512 generations=4096 rep=2
completed phase=main size=512 generations=4096 rep=3
completed phase=main size=512 generations=4096 rep=4
completed phase=main size=512 generations=4096 rep=5
completed phase=main size=1024 generations=1024 rep=0
completed phase=main size=1024 generations=1024 rep=1
completed phase=main size=1024 generations=1024 rep=2
completed phase=main size=1024 generations=1024 rep=3
completed phase=main size=1024 generations=1024 rep=4
completed phase=main size=1024 generations=1024 rep=5
completed phase=main size=2048 generations=256 rep=0
completed phase=main size=2048 generations=256 rep=1
completed phase=main size=2048 generations=256 rep=2
completed phase=main size=2048 generations=256 rep=3
completed phase=main size=2048 generations=256 rep=4
completed phase=main size=2048 generations=256 rep=5
completed phase=main size=4096 generations=64 rep=0
completed phase=main size=4096 generations=64 rep=1
completed phase=main size=4096 generations=64 rep=2
completed phase=main size=4096 generations=64 rep=3
completed phase=main size=4096 generations=64 rep=4
completed phase=main size=4096 generations=64 rep=5
completed phase=generations size=1024 generations=1 rep=0
completed phase=generations size=1024 generations=1 rep=1
completed phase=generations size=1024 generations=1 rep=2
completed phase=generations size=1024 generations=1 rep=3
completed phase=generations size=1024 generations=1 rep=4
completed phase=generations size=1024 generations=1 rep=5
completed phase=generations size=1024 generations=10 rep=0
completed phase=generations size=1024 generations=10 rep=1
completed phase=generations size=1024 generations=10 rep=2
completed phase=generations size=1024 generations=10 rep=3
completed phase=generations size=1024 generations=10 rep=4
completed phase=generations size=1024 generations=10 rep=5
completed phase=generations size=1024 generations=100 rep=0
completed phase=generations size=1024 generations=100 rep=1
completed phase=generations size=1024 generations=100 rep=2
completed phase=generations size=1024 generations=100 rep=3
completed phase=generations size=1024 generations=100 rep=4
completed phase=generations size=1024 generations=100 rep=5
completed phase=generations size=1024 generations=1000 rep=0
completed phase=generations size=1024 generations=1000 rep=1
completed phase=generations size=1024 generations=1000 rep=2
completed phase=generations size=1024 generations=1000 rep=3
completed phase=generations size=1024 generations=1000 rep=4
completed phase=generations size=1024 generations=1000 rep=5
2026-10-02T18:00:18+10:00
